// Jest Snapshot v1, https://goo.gl/fbAQLP

exports[`App component renders App 1`] = `
<DocumentFragment>
  <div>
    <h1>
      *** Avatar: The Last Airbender ***
    </h1>
    <nav
      class="homeLink"
    >
      <a
        href="/characters"
      >
        Return to All Characters
      </a>
    </nav>
  </div>
</DocumentFragment>
`;
